Using pre-set license
Built from '2021.3/staging' branch; Version is '2021.3.16f1 (4016570cf34f) revision 4200023'; Using compiler version '192829333'; Build Type 'Release'
OS: 'Windows 11  (10.0.22621) 64bit Professional' Language: 'es' Physical Memory: 32535 MB
BatchMode: 1, IsHumanControllingUs: 0, StartBugReporterOnCrash: 0, Is64bit: 1, IsPro: 1

COMMAND LINE ARGUMENTS:
C:\Program Files\Unity 2021.3.16f1\Editor\Unity.exe
-adb2
-batchMode
-noUpm
-name
AssetImportWorker2
-projectPath
C:/Users/Ale/Desktop/3V/IAV/Proyecto Final/MeyerManoir
-logFile
Logs/AssetImportWorker2.log
-srvPort
63100
Successfully changed project path to: C:/Users/Ale/Desktop/3V/IAV/Proyecto Final/MeyerManoir
C:/Users/Ale/Desktop/3V/IAV/Proyecto Final/MeyerManoir
[UnityMemory] Configuration Parameters - Can be set up in boot.config
    "memorysetup-bucket-allocator-granularity=16"
    "memorysetup-bucket-allocator-bucket-count=8"
    "memorysetup-bucket-allocator-block-size=33554432"
    "memorysetup-bucket-allocator-block-count=8"
    "memorysetup-main-allocator-block-size=16777216"
    "memorysetup-thread-allocator-block-size=16777216"
    "memorysetup-gfx-main-allocator-block-size=16777216"
    "memorysetup-gfx-thread-allocator-block-size=16777216"
    "memorysetup-cache-allocator-block-size=4194304"
    "memorysetup-typetree-allocator-block-size=2097152"
    "memorysetup-profiler-bucket-allocator-granularity=16"
    "memorysetup-profiler-bucket-allocator-bucket-count=8"
    "memorysetup-profiler-bucket-allocator-block-size=33554432"
    "memorysetup-profiler-bucket-allocator-block-count=8"
    "memorysetup-profiler-allocator-block-size=16777216"
    "memorysetup-profiler-editor-allocator-block-size=1048576"
    "memorysetup-temp-allocator-size-main=16777216"
    "memorysetup-job-temp-allocator-block-size=2097152"
    "memorysetup-job-temp-allocator-block-size-background=1048576"
    "memorysetup-job-temp-allocator-reduction-small-platforms=262144"
    "memorysetup-temp-allocator-size-background-worker=32768"
    "memorysetup-temp-allocator-size-job-worker=262144"
    "memorysetup-temp-allocator-size-preload-manager=33554432"
    "memorysetup-temp-allocator-size-nav-mesh-worker=65536"
    "memorysetup-temp-allocator-size-audio-worker=65536"
    "memorysetup-temp-allocator-size-cloud-worker=32768"
    "memorysetup-temp-allocator-size-gi-baking-worker=262144"
    "memorysetup-temp-allocator-size-gfx=262144"
Player connection [43060] Host "[IP] 192.168.56.1 [Port] 0 [Flags] 2 [Guid] 3898259837 [EditorId] 3898259837 [Version] 1048832 [Id] WindowsEditor(7,DESKTOP-6J2VOMN) [Debug] 1 [PackageName] WindowsEditor [ProjectName] Editor" joined multi-casting on [225.0.0.222:54997]...

Player connection [43060] Host "[IP] 192.168.56.1 [Port] 0 [Flags] 2 [Guid] 3898259837 [EditorId] 3898259837 [Version] 1048832 [Id] WindowsEditor(7,DESKTOP-6J2VOMN) [Debug] 1 [PackageName] WindowsEditor [ProjectName] Editor" joined alternative multi-casting on [225.0.0.222:34997]...

Refreshing native plugins compatible for Editor in 165.26 ms, found 3 plugins.
Preloading 0 native plugins for Editor in 0.00 ms.
Initialize engine version: 2021.3.16f1 (4016570cf34f)
[Subsystems] Discovering subsystems at path C:/Program Files/Unity 2021.3.16f1/Editor/Data/Resources/UnitySubsystems
[Subsystems] Discovering subsystems at path C:/Users/Ale/Desktop/3V/IAV/Proyecto Final/MeyerManoir/Assets
GfxDevice: creating device client; threaded=0; jobified=0
Direct3D:
    Version:  Direct3D 11.0 [level 11.1]
    Renderer: NVIDIA GeForce GTX 1660 Ti with Max-Q Design (ID=0x2191)
    Vendor:   NVIDIA
    VRAM:     5979 MB
    Driver:   31.0.15.2849
Initialize mono
Mono path[0] = 'C:/Program Files/Unity 2021.3.16f1/Editor/Data/Managed'
Mono path[1] = 'C:/Program Files/Unity 2021.3.16f1/Editor/Data/MonoBleedingEdge/lib/mono/unityjit-win32'
Mono config path = 'C:/Program Files/Unity 2021.3.16f1/Editor/Data/MonoBleedingEdge/etc'
Using monoOptions --debugger-agent=transport=dt_socket,embedding=1,server=y,suspend=n,address=127.0.0.1:56312
Begin MonoManager ReloadAssembly
Registering precompiled unity dll's ...
Register platform support module: C:/Program Files/Unity 2021.3.16f1/Editor/Data/PlaybackEngines/AndroidPlayer/UnityEditor.Android.Extensions.dll
Register platform support module: C:/Program Files/Unity 2021.3.16f1/Editor/Data/PlaybackEngines/WindowsStandaloneSupport/UnityEditor.WindowsStandalone.Extensions.dll
Registered in 0.005482 seconds.
Native extension for WindowsStandalone target not found
Native extension for Android target not found
Refreshing native plugins compatible for Editor in 124.09 ms, found 3 plugins.
Preloading 0 native plugins for Editor in 0.00 ms.
Mono: successfully reloaded assembly
- Completed reload, in  0.981 seconds
Domain Reload Profiling:
	ReloadAssembly (982ms)
		BeginReloadAssembly (104ms)
			ExecutionOrderSort (0ms)
			DisableScriptedObjects (0ms)
			BackupInstance (0ms)
			ReleaseScriptingObjects (0ms)
			CreateAndSetChildDomain (1ms)
		EndReloadAssembly (725ms)
			LoadAssemblies (101ms)
			RebuildTransferFunctionScriptingTraits (0ms)
			SetupTypeCache (154ms)
			ReleaseScriptCaches (0ms)
			RebuildScriptCaches (45ms)
			SetupLoadedEditorAssemblies (451ms)
				LogAssemblyErrors (0ms)
				InitializePlatformSupportModulesInManaged (65ms)
				SetLoadedEditorAssemblies (0ms)
				RefreshPlugins (124ms)
				BeforeProcessingInitializeOnLoad (2ms)
				ProcessInitializeOnLoadAttributes (183ms)
				ProcessInitializeOnLoadMethodAttributes (76ms)
				AfterProcessingInitializeOnLoad (0ms)
				EditorAssembliesLoaded (0ms)
			ExecutionOrderSort2 (0ms)
			AwakeInstancesAfterBackupRestoration (0ms)
Platform modules already initialized, skipping
Registering precompiled user dll's ...
Registered in 0.008371 seconds.
Begin MonoManager ReloadAssembly
Symbol file LoadedFromMemory doesn't match image C:\Users\Ale\Desktop\3V\IAV\Proyecto Final\MeyerManoir\Library\PackageCache\com.unity.visualscripting@1.7.8\Editor\VisualScripting.Core\Dependencies\YamlDotNet\Unity.VisualScripting.YamlDotNet.dll
Symbol file LoadedFromMemory doesn't match image C:\Users\Ale\Desktop\3V\IAV\Proyecto Final\MeyerManoir\Library\PackageCache\com.unity.visualscripting@1.7.8\Editor\VisualScripting.Core\Dependencies\DotNetZip\Unity.VisualScripting.IonicZip.dll
Native extension for WindowsStandalone target not found
Native extension for Android target not found
Refreshing native plugins compatible for Editor in 0.70 ms, found 3 plugins.
Preloading 0 native plugins for Editor in 0.00 ms.
Mono: successfully reloaded assembly
- Completed reload, in  1.545 seconds
Domain Reload Profiling:
	ReloadAssembly (1546ms)
		BeginReloadAssembly (152ms)
			ExecutionOrderSort (0ms)
			DisableScriptedObjects (11ms)
			BackupInstance (0ms)
			ReleaseScriptingObjects (0ms)
			CreateAndSetChildDomain (25ms)
		EndReloadAssembly (1229ms)
			LoadAssemblies (115ms)
			RebuildTransferFunctionScriptingTraits (0ms)
			SetupTypeCache (399ms)
			ReleaseScriptCaches (1ms)
			RebuildScriptCaches (75ms)
			SetupLoadedEditorAssemblies (573ms)
				LogAssemblyErrors (0ms)
				InitializePlatformSupportModulesInManaged (20ms)
				SetLoadedEditorAssemblies (1ms)
				RefreshPlugins (1ms)
				BeforeProcessingInitializeOnLoad (135ms)
				ProcessInitializeOnLoadAttributes (369ms)
				ProcessInitializeOnLoadMethodAttributes (39ms)
				AfterProcessingInitializeOnLoad (8ms)
				EditorAssembliesLoaded (0ms)
			ExecutionOrderSort2 (0ms)
			AwakeInstancesAfterBackupRestoration (8ms)
Platform modules already initialized, skipping
========================================================================
Worker process is ready to serve import requests
Launched and connected shader compiler UnityShaderCompiler.exe after 0.07 seconds
Refreshing native plugins compatible for Editor in 0.68 ms, found 3 plugins.
Preloading 0 native plugins for Editor in 0.00 ms.
Unloading 3361 Unused Serialized files (Serialized files now loaded: 0)
Unloading 27 unused Assets / (113.9 KB). Loaded Objects now: 3820.
Memory consumption went from 115.7 MB to 115.6 MB.
Total: 4.499500 ms (FindLiveObjects: 0.325800 ms CreateObjectMapping: 0.290300 ms MarkObjects: 3.746900 ms  DeleteObjects: 0.134800 ms)

AssetImportParameters requested are different than current active one (requested -> active):
  custom:video-decoder-ogg-theora: a1e56fd34408186e4bbccfd4996cb3dc -> 
  custom:container-muxer-webm: aa71ff27fc2769a1b78a27578f13a17b -> 
  custom:container-demuxer-webm: 4f35f7cbe854078d1ac9338744f61a02 -> 
  custom:video-encoder-webm-vp8: eb34c28f22e8b96e1ab97ce403110664 -> 
  custom:audio-encoder-webm-vorbis: bf7c407c2cedff20999df2af8eb42d56 -> 
  custom:framework-win-MediaFoundation: 216162199b28c13a410421893ffa2e32 -> 
  custom:container-demuxer-ogg: 62fdf1f143b41e24485cea50d1cbac27 -> 
  custom:video-decoder-webm-vp8: 9c59270c3fd7afecdb556c50c9e8de78 -> 
  custom:audio-decoder-ogg-vorbis: bf7c407c2cedff20999df2af8eb42d56 -> 
========================================================================
Received Import Request.
  Time since last request: 3808522.095305 seconds.
  path: Assets
  artifactKey: Guid(00000000000000001000000000000000) Importer(815301076,1909f56bfc062723c751e8b465ee728b)
Start importing Assets using Guid(00000000000000001000000000000000) Importer(815301076,1909f56bfc062723c751e8b465ee728b)  -> (artifact id: '79842766b460edbeab6a34051e857a80') in 0.019504 seconds 
========================================================================
Received Import Request.
  Time since last request: 7.124811 seconds.
  path: Assets/Materials 1
  artifactKey: Guid(494f6e389d44e0c4e87de019f8d0469b) Importer(815301076,1909f56bfc062723c751e8b465ee728b)
Start importing Assets/Materials 1 using Guid(494f6e389d44e0c4e87de019f8d0469b) Importer(815301076,1909f56bfc062723c751e8b465ee728b)  -> (artifact id: '1e16e5e6fa5cc0a6ef1d1569bc6b72f3') in 0.011743 seconds 
========================================================================
Received Import Request.
  Time since last request: 6.658467 seconds.
  path: Assets/Materials
  artifactKey: Guid(a296da4f542791343b9ee996bed926d4) Importer(815301076,1909f56bfc062723c751e8b465ee728b)
Start importing Assets/Materials using Guid(a296da4f542791343b9ee996bed926d4) Importer(815301076,1909f56bfc062723c751e8b465ee728b)  -> (artifact id: 'bc40395086d5ba8336e3cf18a7db637d') in 0.011816 seconds 
========================================================================
Received Import Request.
  Time since last request: 0.128767 seconds.
  path: Assets/Materials/doro.mat
  artifactKey: Guid(a5bd21e131beaad4c980fc4740a8e8f9) Importer(815301076,1909f56bfc062723c751e8b465ee728b)
Start importing Assets/Materials/doro.mat using Guid(a5bd21e131beaad4c980fc4740a8e8f9) Importer(815301076,1909f56bfc062723c751e8b465ee728b)  -> (artifact id: 'b9bfd4b028fd7e78d8a389eec704a51e') in 0.197614 seconds 
========================================================================
Received Import Request.
  Time since last request: 14.361036 seconds.
  path: Assets/Materials/desk.png
  artifactKey: Guid(8ddad5984039f284cb12d651f6ae45a3) Importer(815301076,1909f56bfc062723c751e8b465ee728b)
Start importing Assets/Materials/desk.png using Guid(8ddad5984039f284cb12d651f6ae45a3) Importer(815301076,1909f56bfc062723c751e8b465ee728b)  -> (artifact id: 'd9905891c3a57110fa4593523a99071f') in 0.055823 seconds 
========================================================================
Received Import Request.
  Time since last request: 0.000026 seconds.
  path: Assets/Materials/wall.png
  artifactKey: Guid(1af036b4da1e9454ab12f808ea227370) Importer(815301076,1909f56bfc062723c751e8b465ee728b)
Start importing Assets/Materials/wall.png using Guid(1af036b4da1e9454ab12f808ea227370) Importer(815301076,1909f56bfc062723c751e8b465ee728b)  -> (artifact id: '95718c61a70e028a32d96f495323d267') in 0.020576 seconds 
========================================================================
Received Import Request.
  Time since last request: 0.000039 seconds.
  path: Assets/Materials/yane.png
  artifactKey: Guid(7aaa25ad98b9bb44496fe77c04e0ee95) Importer(815301076,1909f56bfc062723c751e8b465ee728b)
Start importing Assets/Materials/yane.png using Guid(7aaa25ad98b9bb44496fe77c04e0ee95) Importer(815301076,1909f56bfc062723c751e8b465ee728b)  -> (artifact id: '41b1baa4ea711f7496ea51610c38cf96') in 0.079049 seconds 
========================================================================
Received Import Request.
  Time since last request: 0.000118 seconds.
  path: Assets/Materials/ki_04.png
  artifactKey: Guid(64d359e014b2b824eb2aa25286a2a40e) Importer(815301076,1909f56bfc062723c751e8b465ee728b)
Start importing Assets/Materials/ki_04.png using Guid(64d359e014b2b824eb2aa25286a2a40e) Importer(815301076,1909f56bfc062723c751e8b465ee728b)  -> (artifact id: '47d8079c701c6d2790acb85a562caf13') in 0.034917 seconds 
========================================================================
Received Import Request.
  Time since last request: 0.000037 seconds.
  path: Assets/Materials/mansion1.png
  artifactKey: Guid(ed7a7cd94c7b6054f84dd42288410789) Importer(815301076,1909f56bfc062723c751e8b465ee728b)
Start importing Assets/Materials/mansion1.png using Guid(ed7a7cd94c7b6054f84dd42288410789) Importer(815301076,1909f56bfc062723c751e8b465ee728b)  -> (artifact id: 'b55c91eda75d97e34fca3370fc6630d8') in 0.022043 seconds 
========================================================================
Received Import Request.
  Time since last request: 0.000041 seconds.
  path: Assets/Materials/grass_heri.png
  artifactKey: Guid(4200264e5dd93344faf02e597f4e8da2) Importer(815301076,1909f56bfc062723c751e8b465ee728b)
Start importing Assets/Materials/grass_heri.png using Guid(4200264e5dd93344faf02e597f4e8da2) Importer(815301076,1909f56bfc062723c751e8b465ee728b)  -> (artifact id: '643de5ca3fdc223b3058c1d7eeae6d80') in 0.025545 seconds 
========================================================================
Received Import Request.
  Time since last request: 0.000042 seconds.
  path: Assets/Materials/goal_line.png
  artifactKey: Guid(da7f2899159737244b575752e16702b8) Importer(815301076,1909f56bfc062723c751e8b465ee728b)
Start importing Assets/Materials/goal_line.png using Guid(da7f2899159737244b575752e16702b8) Importer(815301076,1909f56bfc062723c751e8b465ee728b)  -> (artifact id: 'c7b69ba9ef7f8944460fa029c6331abe') in 0.032004 seconds 
========================================================================
Received Import Request.
  Time since last request: 0.000042 seconds.
  path: Assets/Materials/saku.png
  artifactKey: Guid(c5c11f25f517ff747a179977f34381ff) Importer(815301076,1909f56bfc062723c751e8b465ee728b)
Start importing Assets/Materials/saku.png using Guid(c5c11f25f517ff747a179977f34381ff) Importer(815301076,1909f56bfc062723c751e8b465ee728b)  -> (artifact id: '97c8dfebc6d794dd557999bda16dec8e') in 0.036034 seconds 
========================================================================
Received Import Request.
  Time since last request: 0.000037 seconds.
  path: Assets/Materials/road.png
  artifactKey: Guid(b5ed7cabdacdd4540af67aab0f1cc129) Importer(815301076,1909f56bfc062723c751e8b465ee728b)
Start importing Assets/Materials/road.png using Guid(b5ed7cabdacdd4540af67aab0f1cc129) Importer(815301076,1909f56bfc062723c751e8b465ee728b)  -> (artifact id: 'dfb04f25307f48e69c4cf40ccee00afc') in 0.025448 seconds 
========================================================================
Received Import Request.
  Time since last request: 0.000055 seconds.
  path: Assets/Materials/haka.png
  artifactKey: Guid(4cd46f9a157ff3f4aa239c71b784be10) Importer(815301076,1909f56bfc062723c751e8b465ee728b)
Start importing Assets/Materials/haka.png using Guid(4cd46f9a157ff3f4aa239c71b784be10) Importer(815301076,1909f56bfc062723c751e8b465ee728b)  -> (artifact id: '251021fc49185974a28738a196e730ea') in 0.017194 seconds 
========================================================================
Received Import Request.
  Time since last request: 0.000042 seconds.
  path: Assets/Materials/doro.png
  artifactKey: Guid(8666fb756fbd9cc488033465a9b750c7) Importer(815301076,1909f56bfc062723c751e8b465ee728b)
Start importing Assets/Materials/doro.png using Guid(8666fb756fbd9cc488033465a9b750c7) Importer(815301076,1909f56bfc062723c751e8b465ee728b)  -> (artifact id: 'd865e0318c4529cda63acb5876b3fe86') in 0.018265 seconds 
========================================================================
Received Import Request.
  Time since last request: 0.000028 seconds.
  path: Assets/Materials/marikar.png
  artifactKey: Guid(86ff79c45cb84f24fa97ac6271beb96a) Importer(815301076,1909f56bfc062723c751e8b465ee728b)
Start importing Assets/Materials/marikar.png using Guid(86ff79c45cb84f24fa97ac6271beb96a) Importer(815301076,1909f56bfc062723c751e8b465ee728b)  -> (artifact id: 'be3138c78082bd286c4a79091e09addf') in 0.012631 seconds 
Editor requested this worker to shutdown with reason: Scaling down because of idle timeout
AssetImportWorker is now disconnected from the server
Process exiting
Exiting without the bug reporter. Application will terminate with return code 0