Using pre-set license
Built from '2021.3/staging' branch; Version is '2021.3.16f1 (4016570cf34f) revision 4200023'; Using compiler version '192829333'; Build Type 'Release'
OS: 'Windows 11  (10.0.22621) 64bit Professional' Language: 'es' Physical Memory: 32535 MB
BatchMode: 1, IsHumanControllingUs: 0, StartBugReporterOnCrash: 0, Is64bit: 1, IsPro: 1

COMMAND LINE ARGUMENTS:
C:\Program Files\Unity 2021.3.16f1\Editor\Unity.exe
-adb2
-batchMode
-noUpm
-name
AssetImportWorker0
-projectPath
C:/Users/Ale/Desktop/3V/IAV/Proyecto Final/MeyerManoir
-logFile
Logs/AssetImportWorker0.log
-srvPort
63100
Successfully changed project path to: C:/Users/Ale/Desktop/3V/IAV/Proyecto Final/MeyerManoir
C:/Users/Ale/Desktop/3V/IAV/Proyecto Final/MeyerManoir
[UnityMemory] Configuration Parameters - Can be set up in boot.config
    "memorysetup-bucket-allocator-granularity=16"
    "memorysetup-bucket-allocator-bucket-count=8"
    "memorysetup-bucket-allocator-block-size=33554432"
    "memorysetup-bucket-allocator-block-count=8"
    "memorysetup-main-allocator-block-size=16777216"
    "memorysetup-thread-allocator-block-size=16777216"
    "memorysetup-gfx-main-allocator-block-size=16777216"
    "memorysetup-gfx-thread-allocator-block-size=16777216"
    "memorysetup-cache-allocator-block-size=4194304"
    "memorysetup-typetree-allocator-block-size=2097152"
    "memorysetup-profiler-bucket-allocator-granularity=16"
    "memorysetup-profiler-bucket-allocator-bucket-count=8"
    "memorysetup-profiler-bucket-allocator-block-size=33554432"
    "memorysetup-profiler-bucket-allocator-block-count=8"
    "memorysetup-profiler-allocator-block-size=16777216"
    "memorysetup-profiler-editor-allocator-block-size=1048576"
    "memorysetup-temp-allocator-size-main=16777216"
    "memorysetup-job-temp-allocator-block-size=2097152"
    "memorysetup-job-temp-allocator-block-size-background=1048576"
    "memorysetup-job-temp-allocator-reduction-small-platforms=262144"
    "memorysetup-temp-allocator-size-background-worker=32768"
    "memorysetup-temp-allocator-size-job-worker=262144"
    "memorysetup-temp-allocator-size-preload-manager=33554432"
    "memorysetup-temp-allocator-size-nav-mesh-worker=65536"
    "memorysetup-temp-allocator-size-audio-worker=65536"
    "memorysetup-temp-allocator-size-cloud-worker=32768"
    "memorysetup-temp-allocator-size-gi-baking-worker=262144"
    "memorysetup-temp-allocator-size-gfx=262144"
Player connection [43148] Host "[IP] 192.168.56.1 [Port] 0 [Flags] 2 [Guid] 3217264087 [EditorId] 3217264087 [Version] 1048832 [Id] WindowsEditor(7,DESKTOP-6J2VOMN) [Debug] 1 [PackageName] WindowsEditor [ProjectName] Editor" joined multi-casting on [225.0.0.222:54997]...

Player connection [43148] Host "[IP] 192.168.56.1 [Port] 0 [Flags] 2 [Guid] 3217264087 [EditorId] 3217264087 [Version] 1048832 [Id] WindowsEditor(7,DESKTOP-6J2VOMN) [Debug] 1 [PackageName] WindowsEditor [ProjectName] Editor" joined alternative multi-casting on [225.0.0.222:34997]...

Refreshing native plugins compatible for Editor in 123.73 ms, found 3 plugins.
Preloading 0 native plugins for Editor in 0.00 ms.
Initialize engine version: 2021.3.16f1 (4016570cf34f)
[Subsystems] Discovering subsystems at path C:/Program Files/Unity 2021.3.16f1/Editor/Data/Resources/UnitySubsystems
[Subsystems] Discovering subsystems at path C:/Users/Ale/Desktop/3V/IAV/Proyecto Final/MeyerManoir/Assets
GfxDevice: creating device client; threaded=0; jobified=0
Direct3D:
    Version:  Direct3D 11.0 [level 11.1]
    Renderer: NVIDIA GeForce GTX 1660 Ti with Max-Q Design (ID=0x2191)
    Vendor:   NVIDIA
    VRAM:     5979 MB
    Driver:   31.0.15.2849
Initialize mono
Mono path[0] = 'C:/Program Files/Unity 2021.3.16f1/Editor/Data/Managed'
Mono path[1] = 'C:/Program Files/Unity 2021.3.16f1/Editor/Data/MonoBleedingEdge/lib/mono/unityjit-win32'
Mono config path = 'C:/Program Files/Unity 2021.3.16f1/Editor/Data/MonoBleedingEdge/etc'
Using monoOptions --debugger-agent=transport=dt_socket,embedding=1,server=y,suspend=n,address=127.0.0.1:56572
Begin MonoManager ReloadAssembly
Registering precompiled unity dll's ...
Register platform support module: C:/Program Files/Unity 2021.3.16f1/Editor/Data/PlaybackEngines/AndroidPlayer/UnityEditor.Android.Extensions.dll
Register platform support module: C:/Program Files/Unity 2021.3.16f1/Editor/Data/PlaybackEngines/WindowsStandaloneSupport/UnityEditor.WindowsStandalone.Extensions.dll
Registered in 0.010426 seconds.
Native extension for WindowsStandalone target not found
Native extension for Android target not found
Refreshing native plugins compatible for Editor in 120.42 ms, found 3 plugins.
Preloading 0 native plugins for Editor in 0.00 ms.
Mono: successfully reloaded assembly
- Completed reload, in  1.577 seconds
Domain Reload Profiling:
	ReloadAssembly (1578ms)
		BeginReloadAssembly (476ms)
			ExecutionOrderSort (0ms)
			DisableScriptedObjects (0ms)
			BackupInstance (0ms)
			ReleaseScriptingObjects (0ms)
			CreateAndSetChildDomain (2ms)
		EndReloadAssembly (787ms)
			LoadAssemblies (467ms)
			RebuildTransferFunctionScriptingTraits (0ms)
			SetupTypeCache (225ms)
			ReleaseScriptCaches (0ms)
			RebuildScriptCaches (44ms)
			SetupLoadedEditorAssemblies (431ms)
				LogAssemblyErrors (0ms)
				InitializePlatformSupportModulesInManaged (65ms)
				SetLoadedEditorAssemblies (0ms)
				RefreshPlugins (121ms)
				BeforeProcessingInitializeOnLoad (2ms)
				ProcessInitializeOnLoadAttributes (170ms)
				ProcessInitializeOnLoadMethodAttributes (74ms)
				AfterProcessingInitializeOnLoad (0ms)
				EditorAssembliesLoaded (0ms)
			ExecutionOrderSort2 (0ms)
			AwakeInstancesAfterBackupRestoration (0ms)
Platform modules already initialized, skipping
Registering precompiled user dll's ...
Registered in 0.008386 seconds.
Begin MonoManager ReloadAssembly
Symbol file LoadedFromMemory doesn't match image C:\Users\Ale\Desktop\3V\IAV\Proyecto Final\MeyerManoir\Library\PackageCache\com.unity.visualscripting@1.7.8\Editor\VisualScripting.Core\Dependencies\YamlDotNet\Unity.VisualScripting.YamlDotNet.dll
Symbol file LoadedFromMemory doesn't match image C:\Users\Ale\Desktop\3V\IAV\Proyecto Final\MeyerManoir\Library\PackageCache\com.unity.visualscripting@1.7.8\Editor\VisualScripting.Core\Dependencies\DotNetZip\Unity.VisualScripting.IonicZip.dll
Native extension for WindowsStandalone target not found
Native extension for Android target not found
Refreshing native plugins compatible for Editor in 0.68 ms, found 3 plugins.
Preloading 0 native plugins for Editor in 0.00 ms.
Mono: successfully reloaded assembly
- Completed reload, in  1.670 seconds
Domain Reload Profiling:
	ReloadAssembly (1672ms)
		BeginReloadAssembly (160ms)
			ExecutionOrderSort (0ms)
			DisableScriptedObjects (10ms)
			BackupInstance (0ms)
			ReleaseScriptingObjects (0ms)
			CreateAndSetChildDomain (26ms)
		EndReloadAssembly (1339ms)
			LoadAssemblies (109ms)
			RebuildTransferFunctionScriptingTraits (0ms)
			SetupTypeCache (474ms)
			ReleaseScriptCaches (1ms)
			RebuildScriptCaches (79ms)
			SetupLoadedEditorAssemblies (610ms)
				LogAssemblyErrors (0ms)
				InitializePlatformSupportModulesInManaged (24ms)
				SetLoadedEditorAssemblies (1ms)
				RefreshPlugins (1ms)
				BeforeProcessingInitializeOnLoad (133ms)
				ProcessInitializeOnLoadAttributes (405ms)
				ProcessInitializeOnLoadMethodAttributes (38ms)
				AfterProcessingInitializeOnLoad (9ms)
				EditorAssembliesLoaded (0ms)
			ExecutionOrderSort2 (0ms)
			AwakeInstancesAfterBackupRestoration (9ms)
Platform modules already initialized, skipping
========================================================================
Worker process is ready to serve import requests
Launched and connected shader compiler UnityShaderCompiler.exe after 0.10 seconds
Refreshing native plugins compatible for Editor in 0.65 ms, found 3 plugins.
Preloading 0 native plugins for Editor in 0.00 ms.
Unloading 3361 Unused Serialized files (Serialized files now loaded: 0)
Unloading 27 unused Assets / (113.3 KB). Loaded Objects now: 3820.
Memory consumption went from 115.7 MB to 115.6 MB.
Total: 5.116200 ms (FindLiveObjects: 0.463700 ms CreateObjectMapping: 0.404600 ms MarkObjects: 4.076900 ms  DeleteObjects: 0.170100 ms)

AssetImportParameters requested are different than current active one (requested -> active):
  custom:video-decoder-ogg-theora: a1e56fd34408186e4bbccfd4996cb3dc -> 
  custom:container-muxer-webm: aa71ff27fc2769a1b78a27578f13a17b -> 
  custom:container-demuxer-webm: 4f35f7cbe854078d1ac9338744f61a02 -> 
  custom:video-encoder-webm-vp8: eb34c28f22e8b96e1ab97ce403110664 -> 
  custom:audio-encoder-webm-vorbis: bf7c407c2cedff20999df2af8eb42d56 -> 
  custom:framework-win-MediaFoundation: 216162199b28c13a410421893ffa2e32 -> 
  custom:container-demuxer-ogg: 62fdf1f143b41e24485cea50d1cbac27 -> 
  custom:video-decoder-webm-vp8: 9c59270c3fd7afecdb556c50c9e8de78 -> 
  custom:audio-decoder-ogg-vorbis: bf7c407c2cedff20999df2af8eb42d56 -> 
========================================================================
Received Import Request.
  Time since last request: 3807596.566565 seconds.
  path: Assets/Luigi's Mansion.obj
  artifactKey: Guid(9da62e3f8bb78624dbcc938e8f11c4a0) Importer(815301076,1909f56bfc062723c751e8b465ee728b)
Start importing Assets/Luigi's Mansion.obj using Guid(9da62e3f8bb78624dbcc938e8f11c4a0) Importer(815301076,1909f56bfc062723c751e8b465ee728b)  -> (artifact id: '7b0a45095e98fb898d215184b8a13dfa') in 0.278824 seconds 
========================================================================
Received Import Request.
  Time since last request: 178.116387 seconds.
  path: Assets/desk.png
  artifactKey: Guid(1461e0ce8cbf3804ca78a6721c46872a) Importer(815301076,1909f56bfc062723c751e8b465ee728b)
Start importing Assets/desk.png using Guid(1461e0ce8cbf3804ca78a6721c46872a) Importer(815301076,1909f56bfc062723c751e8b465ee728b)  -> (artifact id: 'a2e286c7e820d6c752fc329cf1449cde') in 0.169946 seconds 
========================================================================
Received Import Request.
  Time since last request: 0.000050 seconds.
  path: Assets/ki_04.png
  artifactKey: Guid(9c2c6a0e2e458a14ba160af7d626f4ea) Importer(815301076,1909f56bfc062723c751e8b465ee728b)
Start importing Assets/ki_04.png using Guid(9c2c6a0e2e458a14ba160af7d626f4ea) Importer(815301076,1909f56bfc062723c751e8b465ee728b)  -> (artifact id: 'd475f44e86aac029ca6a60e48840a754') in 0.052036 seconds 
========================================================================
Received Import Request.
  Time since last request: 0.000063 seconds.
  path: Assets/mado_l.png
  artifactKey: Guid(81a2899c6c7432449881048fac87e014) Importer(815301076,1909f56bfc062723c751e8b465ee728b)
Start importing Assets/mado_l.png using Guid(81a2899c6c7432449881048fac87e014) Importer(815301076,1909f56bfc062723c751e8b465ee728b)  -> (artifact id: 'b65f00d8b174f6fbebc00c850fe8cec0') in 0.037041 seconds 
========================================================================
Received Import Request.
  Time since last request: 0.000046 seconds.
  path: Assets/yuka2.png
  artifactKey: Guid(1f086dd8ee03d3d4ab90dc518db5219e) Importer(815301076,1909f56bfc062723c751e8b465ee728b)
Start importing Assets/yuka2.png using Guid(1f086dd8ee03d3d4ab90dc518db5219e) Importer(815301076,1909f56bfc062723c751e8b465ee728b)  -> (artifact id: 'aa0756aeebe18471ea7c31bb1fbd105f') in 0.034976 seconds 
========================================================================
Received Import Request.
  Time since last request: 0.000042 seconds.
  path: Assets/goal_line.png
  artifactKey: Guid(4283f35615c271a4a8cb2cd95b25c111) Importer(815301076,1909f56bfc062723c751e8b465ee728b)
Start importing Assets/goal_line.png using Guid(4283f35615c271a4a8cb2cd95b25c111) Importer(815301076,1909f56bfc062723c751e8b465ee728b)  -> (artifact id: 'f5cfcc1e71a1345397ebb131a47b028f') in 0.030722 seconds 
========================================================================
Received Import Request.
  Time since last request: 0.000218 seconds.
  path: Assets/haka.png
  artifactKey: Guid(54d751113e59f254fa46699d11bcf195) Importer(815301076,1909f56bfc062723c751e8b465ee728b)
Start importing Assets/haka.png using Guid(54d751113e59f254fa46699d11bcf195) Importer(815301076,1909f56bfc062723c751e8b465ee728b)  -> (artifact id: '32959c11410cda50df26c2a5db15d32b') in 0.026924 seconds 
========================================================================
Received Import Request.
  Time since last request: 0.000037 seconds.
  path: Assets/tobira.png
  artifactKey: Guid(00884c7921994d94cac8fb278c1b3fe5) Importer(815301076,1909f56bfc062723c751e8b465ee728b)
Start importing Assets/tobira.png using Guid(00884c7921994d94cac8fb278c1b3fe5) Importer(815301076,1909f56bfc062723c751e8b465ee728b)  -> (artifact id: 'd348cceb9b993f780e6ec58d4afff7b5') in 0.020884 seconds 
========================================================================
Received Import Request.
  Time since last request: 0.000035 seconds.
  path: Assets/isinaka.png
  artifactKey: Guid(3604c5ab0cda16344a7413fd2e160f99) Importer(815301076,1909f56bfc062723c751e8b465ee728b)
Start importing Assets/isinaka.png using Guid(3604c5ab0cda16344a7413fd2e160f99) Importer(815301076,1909f56bfc062723c751e8b465ee728b)  -> (artifact id: '9e7798a5d8a496b2c8cf192f7b22a91e') in 0.019106 seconds 
========================================================================
Received Import Request.
  Time since last request: 0.000052 seconds.
  path: Assets/saku2.png
  artifactKey: Guid(04ef9b783f0608149b069725190724a3) Importer(815301076,1909f56bfc062723c751e8b465ee728b)
Start importing Assets/saku2.png using Guid(04ef9b783f0608149b069725190724a3) Importer(815301076,1909f56bfc062723c751e8b465ee728b)  -> (artifact id: '816c7114bd7fae40ec46adf3798a9979') in 0.018983 seconds 
========================================================================
Received Import Request.
  Time since last request: 0.000029 seconds.
  path: Assets/isigaki.png
  artifactKey: Guid(fd9f836521192df40a9fb9a9e9c80198) Importer(815301076,1909f56bfc062723c751e8b465ee728b)
Start importing Assets/isigaki.png using Guid(fd9f836521192df40a9fb9a9e9c80198) Importer(815301076,1909f56bfc062723c751e8b465ee728b)  -> (artifact id: '850c6f598bc8b008ee281df4fe4cd920') in 0.019361 seconds 
========================================================================
Received Import Request.
  Time since last request: 0.000039 seconds.
  path: Assets/picture.png
  artifactKey: Guid(fbb47cdc8e6c401498b35774cb6f28b8) Importer(815301076,1909f56bfc062723c751e8b465ee728b)
Start importing Assets/picture.png using Guid(fbb47cdc8e6c401498b35774cb6f28b8) Importer(815301076,1909f56bfc062723c751e8b465ee728b)  -> (artifact id: 'dc402581054f8fb935d92aa202636328') in 0.019416 seconds 
========================================================================
Received Import Request.
  Time since last request: 0.000027 seconds.
  path: Assets/yuka3.png
  artifactKey: Guid(d5515bf36c21f5d4d99c7c8880c69924) Importer(815301076,1909f56bfc062723c751e8b465ee728b)
Start importing Assets/yuka3.png using Guid(d5515bf36c21f5d4d99c7c8880c69924) Importer(815301076,1909f56bfc062723c751e8b465ee728b)  -> (artifact id: '53becdb440422dd2be0bc4e69d174044') in 0.019464 seconds 
========================================================================
Received Import Request.
  Time since last request: 0.000036 seconds.
  path: Assets/grass.png
  artifactKey: Guid(09e9df7c66469854da47d01127f1a7fe) Importer(815301076,1909f56bfc062723c751e8b465ee728b)
Start importing Assets/grass.png using Guid(09e9df7c66469854da47d01127f1a7fe) Importer(815301076,1909f56bfc062723c751e8b465ee728b)  -> (artifact id: '8dfc7330faf5660df3c8a83ad3f47508') in 0.020064 seconds 
========================================================================
Received Import Request.
  Time since last request: 0.000034 seconds.
  path: Assets/saku.png
  artifactKey: Guid(3cfac30b5d6bb7f409ebd18c7e9db1ec) Importer(815301076,1909f56bfc062723c751e8b465ee728b)
Start importing Assets/saku.png using Guid(3cfac30b5d6bb7f409ebd18c7e9db1ec) Importer(815301076,1909f56bfc062723c751e8b465ee728b)  -> (artifact id: '01b551c3cc6117e611e6add08c4e35a7') in 0.018830 seconds 
========================================================================
Received Import Request.
  Time since last request: 0.000035 seconds.
  path: Assets/mansion3.png
  artifactKey: Guid(d8dd47b4594f8b643bc4db53552be268) Importer(815301076,1909f56bfc062723c751e8b465ee728b)
Start importing Assets/mansion3.png using Guid(d8dd47b4594f8b643bc4db53552be268) Importer(815301076,1909f56bfc062723c751e8b465ee728b)  -> (artifact id: 'ab76649fcf323540252c743fc7ad2f22') in 0.019278 seconds 
Editor requested this worker to shutdown with reason: Scaling down because of idle timeout
AssetImportWorker is now disconnected from the server
Process exiting
Exiting without the bug reporter. Application will terminate with return code 0